// Jest Snapshot v1, https://goo.gl/fbAQLP

exports[`should render ExpenseListItem with expense data 1`] = `
<Link
  className="list-item"
  replace={false}
  to="/edit/2"
>
  <div>
    <h3
      className="list-item__title"
    >
      Rent
    </h3>
    <span
      className="list-item__subtitle"
    >
      $1,095.00
    </span>
  </div>
  <h3
    className="list-item__data"
  >
    Dec 27th, 1969
  </h3>
</Link>
`;
